C:\github\cobalt-multi-agent\backend\.venv\Lib\site-packages\pytest_asyncio\plugin.py:208: PytestDeprecationWarning: The configuration option "asyncio_default_fixture_loop_scope" is unset.
The event loop scope for asynchronous fixtures will default to the fixture caching scope. Future versions of pytest-asyncio will default the loop scope for asynchronous fixtures to function scope. Set the default fixture loop scope explicitly in order to avoid unexpected behavior in the future. Valid fixture loop scopes are: "function", "class", "module", "package", "session"

  warnings.warn(PytestDeprecationWarning(_DEFAULT_FIXTURE_LOOP_SCOPE_UNSET))
============================= test session starts =============================
platform win32 -- Python 3.12.10, pytest-8.3.5, pluggy-1.5.0 -- C:\github\cobalt-multi-agent\backend\.venv\Scripts\python.exe
cachedir: .pytest_cache
rootdir: C:\github\cobalt-multi-agent\backend
configfile: pyproject.toml
plugins: anyio-4.8.0, langsmith-0.3.45, asyncio-1.0.0, cov-6.0.0, postgresql-7.0.2
asyncio: mode=Mode.STRICT, asyncio_default_fixture_loop_scope=None, asyncio_default_test_loop_scope=function
collecting ... collected 350 items

tests/unit/checkpoint/test_checkpoint.py::test_with_local_postgres_db PASSED [  0%]
tests/unit/checkpoint/test_checkpoint.py::test_with_local_mongo_db PASSED [  0%]
tests/unit/checkpoint/test_checkpoint.py::test_init_without_checkpoint_saver PASSED [  0%]
tests/unit/checkpoint/test_checkpoint.py::test_process_stream_partial_buffer_postgres PASSED [  1%]
tests/unit/checkpoint/test_checkpoint.py::test_process_stream_partial_buffer_mongo PASSED [  1%]
tests/unit/checkpoint/test_checkpoint.py::test_persist_postgresql_local_db SKIPPED [  1%]
tests/unit/checkpoint/test_checkpoint.py::test_persist_postgresql_called_with_aggregated_chunks SKIPPED [  2%]
tests/unit/checkpoint/test_checkpoint.py::test_persist_not_attempted_when_saver_disabled PASSED [  2%]
tests/unit/checkpoint/test_checkpoint.py::test_persist_mongodb_local_db PASSED [  2%]
tests/unit/checkpoint/test_checkpoint.py::test_persist_mongodb_called_with_aggregated_chunks SKIPPED [  2%]
tests/unit/checkpoint/test_checkpoint.py::test_invalid_inputs_return_false PASSED [  3%]
tests/unit/checkpoint/test_checkpoint.py::test_unsupported_db_uri_scheme PASSED [  3%]
tests/unit/checkpoint/test_checkpoint.py::test_process_stream_with_interrupt_finish_reason PASSED [  3%]
tests/unit/checkpoint/test_checkpoint.py::test_postgresql_connection_failure PASSED [  4%]
tests/unit/checkpoint/test_checkpoint.py::test_mongodb_ping_failure PASSED [  4%]
tests/unit/checkpoint/test_checkpoint.py::test_store_namespace_consistency PASSED [  4%]
tests/unit/checkpoint/test_checkpoint.py::test_cursor_initialization_edge_cases PASSED [  4%]
tests/unit/checkpoint/test_checkpoint.py::test_multiple_threads_isolation PASSED [  5%]
tests/unit/checkpoint/test_checkpoint.py::test_mongodb_insert_and_update_paths PASSED [  5%]
tests/unit/checkpoint/test_checkpoint.py::test_postgresql_insert_update_and_error_paths 

---------- coverage: platform win32, python 3.12.10-final-0 ----------
Name                                                           Stmts   Miss  Cover   Missing
--------------------------------------------------------------------------------------------
src\__init__.py                                                    0      0   100%
src\agents\__init__.py                                             2      0   100%
src\agents\agents.py                                              15      6    60%   19, 29-34
src\agents\registry.py                                            35      6    83%   27-28, 41-42, 46, 50
src\config\__init__.py                                             8      0   100%
src\config\agents.py                                               3      0   100%
src\config\analyst.py                                             13     10    23%   16-34
src\config\configuration.py                                       41     18    56%   31-42, 66-82
src\config\database.py                                           153     40    74%   126, 155-161, 165-167, 171-172, 176-180, 201-212, 223-248
src\config\database_service.py                                    83     53    36%   19-29, 34-35, 40-41, 46-56, 62-73, 80-93, 99-110, 115-116, 123-124, 131-132, 139-140, 147-173
src\config\loader.py                                              51     34    33%   22, 31-38, 43-48, 53-63, 72-86
src\config\questions.py                                            2      0   100%
src\config\report_style.py                                         6      0   100%
src\config\tools.py                                               16      0   100%
src\crawler\__init__.py                                            5      0   100%
src\crawler\article.py                                            24     16    33%   18-19, 22-26, 29-41
src\crawler\crawler.py                                            11      6    45%   26-31
src\crawler\jina_client.py                                        13      7    46%   18-30
src\crawler\readability_extractor.py                               6      2    67%   15-16
src\graph\__init__.py                                              2      0   100%
src\graph\builder.py                                              63     30    52%   28-59, 64-66
src\graph\checkpoint.py                                          160     57    64%   112-115, 170-174, 207-208, 217-227, 271-322, 326-338, 342, 346, 369-375
src\graph\mongodb_checkpointer.py                                 57     35    39%   39-43, 46-59, 73-104, 107, 116, 120, 125-126, 129, 132, 135, 138
src\graph\nodes.py                                               278    244    12%   76-103, 116-167, 189-231, 245-274, 285-362, 370-371, 378-526, 564-601, 611, 631-660, 672-697, 709-710
src\graph\types.py                                                16      0   100%
src\llms\__init__.py                                               0      0   100%
src\llms\llm.py                                                   91     72    21%   29, 34, 48-54, 59-129, 136-142, 152-179
src\llms\providers\dashscope.py                                  127    113    11%   50-111, 130-179, 204-228, 251-325
src\podcast\graph\audio_mixer_node.py                              9      5    44%   16-20
src\podcast\graph\builder.py                                      25      8    68%   33-43
src\podcast\graph\script_writer_node.py                           14      5    64%   23-34
src\podcast\graph\state.py                                         8      0   100%
src\podcast\graph\tts_node.py                                     28     20    29%   19-32, 38-46
src\podcast\types.py                                               8      0   100%
src\ppt\graph\builder.py                                          18      4    78%   30-35
src\ppt\graph\ppt_composer_node.py                                18      8    56%   24-37
src\ppt\graph\ppt_generator_node.py                               13      6    54%   19-29
src\ppt\graph\state.py                                             6      0   100%
src\prompt_enhancer\__init__.py                                    0      0   100%
src\prompt_enhancer\graph\builder.py                               9      5    44%   17-29
src\prompt_enhancer\graph\enhancer_node.py                        37     28    24%   23-86
src\prompt_enhancer\graph\state.py                                 7      0   100%
src\prompts\__init__.py                                            2      0   100%
src\prompts\planner_model.py                                      25      0   100%
src\prompts\template.py                                           23     14    39%   36-40, 57-71
src\prose\graph\builder.py                                        33     19    42%   23, 29-49, 53-64, 68-72
src\prose\graph\prose_continue_node.py                            12      4    67%   21-29
src\prose\graph\prose_fix_node.py                                 13      5    62%   21-30
src\prose\graph\prose_improve_node.py                             13      5    62%   21-30
src\prose\graph\prose_longer_node.py                              13      5    62%   21-30
src\prose\graph\prose_shorter_node.py                             13      5    62%   21-30
src\prose\graph\prose_zap_node.py                                 13      5    62%   21-32
src\prose\graph\state.py                                           6      0   100%
src\rag\__init__.py                                                5      0   100%
src\rag\builder.py                                                15      9    40%   16-24
src\rag\milvus.py                                                328    283    14%   27-31, 35-43, 47-48, 52, 74-108, 112-124, 132-142, 149-174, 181-205, 214-270, 275-279, 283-290, 294-312, 316-334, 340-371, 375-401, 409, 415-431, 450-514, 521-543, 563-661, 665-670, 678-685, 689-714, 718-757, 761-770, 788-789
src\rag\ragflow.py                                                69     55    20%   28-45, 50-103, 106-133, 137-140
src\rag\retriever.py                                              36     14    61%   18-19, 39-42, 45-53, 76, 85
src\rag\vikingdb_knowledge_base.py                               159    133    16%   34-55, 58, 61, 66-70, 75-112, 117-156, 161-183, 191-260, 266-296, 300-303
src\server\__init__.py                                            13      7    46%   11-19
src\server\app.py                                                341    247    28%   15-21, 32-40, 126, 129-131, 139-143, 148-161, 185-196, 201-206, 213-236, 241-253, 271-281, 288-371, 378-409, 437-553, 557-575, 581-631, 636-645, 650-664, 669-688, 693-728, 735-774, 780, 786-789, 795
src\server\chat_request.py                                        50      0   100%
src\server\config_request.py                                       5      0   100%
src\server\mcp_request.py                                         18      0   100%
src\server\mcp_utils.py                                           38     27    29%   37-50, 80-126
src\server\rag_request.py                                          8      0   100%
src\server\research_api.py                                       116     49    58%   70-84, 89-106, 111-126, 131-145, 150-167, 172-186, 191-202, 215-228, 239-252
src\tools\__init__.py                                             14      0   100%
src\tools\broker.py                                               81     65    20%   16-33, 41-61, 68-88, 99-127, 134-155
src\tools\crawl.py                                                18      8    56%   26-33
src\tools\decorators.py                                           30     13    57%   31-43, 53-57, 61-66
src\tools\ema.py                                                  40     30    25%   19-21, 35-69
src\tools\finance.py                                             119    107    10%   30-88, 106-166, 182-239
src\tools\indicators.py                                          119     98    18%   20-25, 29-34, 38-44, 52-62, 70-82, 90-103, 111-155, 163-174
src\tools\journal.py                                              79     60    24%   16-22, 29-32, 42-49, 60-88, 96-111, 121-136
src\tools\macros.py                                               38     25    34%   50-97
src\tools\python_repl.py                                          37     22    41%   23, 43-67
src\tools\retriever.py                                            32     13    59%   41-47, 54, 58-65
src\tools\search.py                                               67     44    34%   15-17, 48-50, 55-57, 60-78, 82-141
src\tools\smc.py                                                  61     51    16%   18-37, 43-65, 79-116
src\tools\tavily_search\__init__.py                                3      0   100%
src\tools\tavily_search\tavily_search_api_wrapper.py              37     27    27%   33-51, 68-90, 95-117
src\tools\tavily_search\tavily_search_results_with_images.py      30     16    47%   122-141, 149-168
src\tools\tts.py                                                  34     25    26%   45-51, 82-137
src\tools\vision.py                                               37     25    32%   15-16, 24-35, 43-54
src\utils\__init__.py                                              0      0   100%
src\utils\json_utils.py                                           20     13    35%   26-29, 47-61
src\utils\text_utils.py                                           12      9    25%   16-38
src\workflow.py                                                   34     34     0%   8-107
--------------------------------------------------------------------------------------------
TOTAL                                                           3790   2409    36%

Required test coverage of 25.0% reached. Total coverage: 36.44%

!!!!!!!!!!!!!!!!!!!!!!!!!!!!!! KeyboardInterrupt !!!!!!!!!!!!!!!!!!!!!!!!!!!!!!
C:\github\cobalt-multi-agent\backend\.venv\Lib\site-packages\psycopg\connection.py:110: KeyboardInterrupt
(to show a full traceback on KeyboardInterrupt use --full-trace)
================== 16 passed, 3 skipped in 244.96s (0:04:04) ==================
